// Jest Snapshot v1, https://goo.gl/fbAQLP

exports[`Menu render 1`] = `
<img
  alt="Gravatar"
  src="https://www.gravatar.com/avatar/00000000000000000000000000000000?s=undefined"
/>
`;
