// Jest Snapshot v1, https://goo.gl/fbAQLP

exports[`Layout render 1`] = `
<div
  className="layout"
>
  <button
    className="menu"
    onClick={[Function]}
  >
    Menu
  </button>
  <main>
    <div>
      <h1>
        Hello World!
      </h1>
    </div>
  </main>
</div>
`;
