// Jest Snapshot v1, https://goo.gl/fbAQLP

exports[`Menu render 1`] = `
<button
  className="menu"
  onClick={[Function]}
>
  Menu
</button>
`;
